---
source: apollo-router/src/plugins/telemetry/config_new/router/events.rs
expression: yaml
---
- fields:
    kind: my.request_event
  level: INFO
  message: my event message
